============================================================
  Generated by:           Genus(TM) Synthesis Solution 20.11-s111_1
  Generated on:           Nov 14 2025  03:22:10 pm
  Module:                 aes_128
  Operating conditions:   _nominal_ (balanced_tree)
  Wireload mode:          enclosed
  Area mode:              timing library
============================================================


Path 1: MET (44 ps) Setup Check with Pin state_reg[1]/CLK->D
          Group: clk
     Startpoint: (R) state_reg[36]/CLK
          Clock: (R) clk
       Endpoint: (R) state_reg[1]/D
          Clock: (R) clk

                     Capture       Launch     
        Clock Edge:+    1800            0     
       Src Latency:+       0            0     
       Net Latency:+       0 (I)        0 (I) 
           Arrival:=    1800            0     
                                              
             Setup:-      96                  
       Uncertainty:-     200                  
     Required Time:=    1504                  
      Launch Clock:-       0                  
         Data Path:-    1460                  
             Slack:=      12                 

#--------------------------------------------------------------------------------------------
#   Timing Point    Flags    Arc    Edge   Cell     Fanout Load Trans Delay Arrival Instance 
#                                                          (fF)  (ps)  (ps)   (ps)  Location 
#--------------------------------------------------------------------------------------------
  state_reg[36]/CLK -       -       R     (arrival)    390    -     0     0       0    (-,-) 
  state_reg[36]/Q   -       CLK->Q  R     DFFARX1        3  7.5    53   179     179    (-,-) 
  g86907/QN         -       IN1->QN F     NAND2X1        2  4.4    45    32     211    (-,-) 
  g86803/ZN         -       INP->ZN R     INVX0          3  8.4    70    42     252    (-,-) 
  g86750/QN         -       IN1->QN F     NAND2X1       11 21.1   112    72     324    (-,-) 
  g86522/ZN         -       INP->ZN R     INVX0         10 23.8   172   101     425    (-,-) 
  g85311/QN         -       IN1->QN F     NAND2X0        2  2.9    86    56     480    (-,-) 
  g84407/Q          -       IN3->Q  F     OA21X1         2  2.9    38    74     554    (-,-) 
  g87676/QN         -       IN3->QN R     OAI21X1        1  2.5    28    91     645    (-,-) 
  g87675/QN         -       IN1->QN F     NOR2X0         3  6.6    84    41     687    (-,-) 
  g82833/Q          -       IN1->Q  F     AND4X1         1  2.3    40    85     772    (-,-) 
  g82361/QN         -       IN1->QN R     NAND4X0        1  3.3    80    37     808    (-,-) 
  g82274/QN         -       IN1->QN F     NOR4X0         1  2.3    82    45     854    (-,-) 
  g81820/QN         -       IN3->QN R     NAND4X0        4 10.4   126    80     934    (-,-) 
  g81642/Q          -       S->Q    R     MUX21X1        6 16.2    74   107    1040    (-,-) 
  g81576/ZN         -       INP->ZN F     INVX0          4 10.1    74    54    1094    (-,-) 
  g81195/Q          -       IN1->Q  R     XNOR3X1        1  3.1    53   154    1248    (-,-) 
  g81084/Q          -       IN1->Q  R     XNOR3X1        1  2.8    52   149    1397    (-,-) 
  g80925/QN         -       IN1->QN F     NAND2X1        1  2.5   108    27    1424    (-,-) 
  g87351/QN         -       IN1->QN R     NAND3X0        1  1.5    62    36    1460    (-,-) 
  state_reg[1]/D    <<<     -       R     DFFARX1        1    -     -     0    1460    (-,-) 
#--------------------------------------------------------------------------------------------

